Archive member included to satisfy reference by file (symbol)

e:/programdata/gnu arm embedded toolchain/bin/../lib/gcc/arm-none-eabi/10.3.1/../../../../arm-none-eabi/lib/thumb/v7-m/nofp\libc.a(lib_a-exit.o)
                              e:/programdata/gnu arm embedded toolchain/bin/../lib/gcc/arm-none-eabi/10.3.1/../../../../arm-none-eabi/lib/thumb/v7-m/nofp/crt0.o (exit)
e:/programdata/gnu arm embedded toolchain/bin/../lib/gcc/arm-none-eabi/10.3.1/../../../../arm-none-eabi/lib/thumb/v7-m/nofp\libc.a(lib_a-impure.o)
                              e:/programdata/gnu arm embedded toolchain/bin/../lib/gcc/arm-none-eabi/10.3.1/../../../../arm-none-eabi/lib/thumb/v7-m/nofp\libc.a(lib_a-exit.o) (_global_impure_ptr)
e:/programdata/gnu arm embedded toolchain/bin/../lib/gcc/arm-none-eabi/10.3.1/../../../../arm-none-eabi/lib/thumb/v7-m/nofp\libc.a(lib_a-init.o)
                              e:/programdata/gnu arm embedded toolchain/bin/../lib/gcc/arm-none-eabi/10.3.1/../../../../arm-none-eabi/lib/thumb/v7-m/nofp/crt0.o (__libc_init_array)
e:/programdata/gnu arm embedded toolchain/bin/../lib/gcc/arm-none-eabi/10.3.1/../../../../arm-none-eabi/lib/thumb/v7-m/nofp\libc.a(lib_a-memcpy.o)
                              build/queue.o (memcpy)
e:/programdata/gnu arm embedded toolchain/bin/../lib/gcc/arm-none-eabi/10.3.1/../../../../arm-none-eabi/lib/thumb/v7-m/nofp\libc.a(lib_a-memset.o)
                              e:/programdata/gnu arm embedded toolchain/bin/../lib/gcc/arm-none-eabi/10.3.1/../../../../arm-none-eabi/lib/thumb/v7-m/nofp/crt0.o (memset)
e:/programdata/gnu arm embedded toolchain/bin/../lib/gcc/arm-none-eabi/10.3.1/../../../../arm-none-eabi/lib/thumb/v7-m/nofp\libc.a(lib_a-__call_atexit.o)
                              e:/programdata/gnu arm embedded toolchain/bin/../lib/gcc/arm-none-eabi/10.3.1/../../../../arm-none-eabi/lib/thumb/v7-m/nofp\libc.a(lib_a-exit.o) (__call_exitprocs)
e:/programdata/gnu arm embedded toolchain/bin/../lib/gcc/arm-none-eabi/10.3.1/../../../../arm-none-eabi/lib/thumb/v7-m/nofp\libc.a(lib_a-atexit.o)
                              e:/programdata/gnu arm embedded toolchain/bin/../lib/gcc/arm-none-eabi/10.3.1/../../../../arm-none-eabi/lib/thumb/v7-m/nofp\libc.a(lib_a-__call_atexit.o) (atexit)
e:/programdata/gnu arm embedded toolchain/bin/../lib/gcc/arm-none-eabi/10.3.1/../../../../arm-none-eabi/lib/thumb/v7-m/nofp\libc.a(lib_a-fini.o)
                              e:/programdata/gnu arm embedded toolchain/bin/../lib/gcc/arm-none-eabi/10.3.1/../../../../arm-none-eabi/lib/thumb/v7-m/nofp\libc.a(lib_a-__call_atexit.o) (__libc_fini_array)
e:/programdata/gnu arm embedded toolchain/bin/../lib/gcc/arm-none-eabi/10.3.1/../../../../arm-none-eabi/lib/thumb/v7-m/nofp\libc.a(lib_a-lock.o)
                              e:/programdata/gnu arm embedded toolchain/bin/../lib/gcc/arm-none-eabi/10.3.1/../../../../arm-none-eabi/lib/thumb/v7-m/nofp\libc.a(lib_a-__call_atexit.o) (__retarget_lock_acquire_recursive)
e:/programdata/gnu arm embedded toolchain/bin/../lib/gcc/arm-none-eabi/10.3.1/../../../../arm-none-eabi/lib/thumb/v7-m/nofp\libc.a(lib_a-__atexit.o)
                              e:/programdata/gnu arm embedded toolchain/bin/../lib/gcc/arm-none-eabi/10.3.1/../../../../arm-none-eabi/lib/thumb/v7-m/nofp\libc.a(lib_a-atexit.o) (__register_exitproc)

Discarded input sections

 .text          0x00000000        0x0 e:/programdata/gnu arm embedded toolchain/bin/../lib/gcc/arm-none-eabi/10.3.1/thumb/v7-m/nofp/crti.o
 .data          0x00000000        0x0 e:/programdata/gnu arm embedded toolchain/bin/../lib/gcc/arm-none-eabi/10.3.1/thumb/v7-m/nofp/crti.o
 .bss           0x00000000        0x0 e:/programdata/gnu arm embedded toolchain/bin/../lib/gcc/arm-none-eabi/10.3.1/thumb/v7-m/nofp/crti.o
 .data          0x00000000        0x4 e:/programdata/gnu arm embedded toolchain/bin/../lib/gcc/arm-none-eabi/10.3.1/thumb/v7-m/nofp/crtbegin.o
 .rodata        0x00000000       0x24 e:/programdata/gnu arm embedded toolchain/bin/../lib/gcc/arm-none-eabi/10.3.1/thumb/v7-m/nofp/crtbegin.o
 .text          0x00000000       0x7c e:/programdata/gnu arm embedded toolchain/bin/../lib/gcc/arm-none-eabi/10.3.1/../../../../arm-none-eabi/lib/thumb/v7-m/nofp/crt0.o
 .data          0x00000000        0x0 e:/programdata/gnu arm embedded toolchain/bin/../lib/gcc/arm-none-eabi/10.3.1/../../../../arm-none-eabi/lib/thumb/v7-m/nofp/crt0.o
 .bss           0x00000000        0x0 e:/programdata/gnu arm embedded toolchain/bin/../lib/gcc/arm-none-eabi/10.3.1/../../../../arm-none-eabi/lib/thumb/v7-m/nofp/crt0.o
 .ARM.extab     0x00000000        0x0 e:/programdata/gnu arm embedded toolchain/bin/../lib/gcc/arm-none-eabi/10.3.1/../../../../arm-none-eabi/lib/thumb/v7-m/nofp/crt0.o
 .ARM.exidx     0x00000000       0x10 e:/programdata/gnu arm embedded toolchain/bin/../lib/gcc/arm-none-eabi/10.3.1/../../../../arm-none-eabi/lib/thumb/v7-m/nofp/crt0.o
 .ARM.attributes
[...]
Memory Configuration

Name             Origin             Length             Attributes
FLASH            0x08000000         0x00010000         xr
RAM              0x20000000         0x00005000         xrw
MEMORY_B1        0x60000000         0x00000000         xr
*default*        0x00000000         0xffffffff

Linker script and memory map

LOAD e:/programdata/gnu arm embedded toolchain/bin/../lib/gcc/arm-none-eabi/10.3.1/thumb/v7-m/nofp/crti.o
LOAD e:/programdata/gnu arm embedded toolchain/bin/../lib/gcc/arm-none-eabi/10.3.1/thumb/v7-m/nofp/crtbegin.o
LOAD e:/programdata/gnu arm embedded toolchain/bin/../lib/gcc/arm-none-eabi/10.3.1/../../../../arm-none-eabi/lib/thumb/v7-m/nofp/crt0.o
LOAD build/main.o
LOAD build/stm32f10x_it.o
LOAD build/core_cm3.o
LOAD build/system_stm32f10x.o
LOAD build/croutine.o
LOAD build/event_groups.o
LOAD build/list.o
LOAD build/queue.o
LOAD build/tasks.o
LOAD build/timers.o
LOAD build/port.o
LOAD build/led.o
LOAD build/heap_4.o
LOAD build/misc.o
LOAD build/stm32f10x_rcc.o
LOAD build/stm32f10x_gpio.o
LOAD build/startup_stm32f10x_md.o
LOAD e:/programdata/gnu arm embedded toolchain/bin/../lib/gcc/arm-none-eabi/10.3.1/../../../../arm-none-eabi/lib/thumb/v7-m/nofp\libc.a
START GROUP
LOAD e:/programdata/gnu arm embedded toolchain/bin/../lib/gcc/arm-none-eabi/10.3.1/thumb/v7-m/nofp\libgcc.a
LOAD e:/programdata/gnu arm embedded toolchain/bin/../lib/gcc/arm-none-eabi/10.3.1/../../../../arm-none-eabi/lib/thumb/v7-m/nofp\libc.a
END GROUP
LOAD e:/programdata/gnu arm embedded toolchain/bin/../lib/gcc/arm-none-eabi/10.3.1/thumb/v7-m/nofp/crtend.o
LOAD e:/programdata/gnu arm embedded toolchain/bin/../lib/gcc/arm-none-eabi/10.3.1/thumb/v7-m/nofp/crtn.o
                0x20005000                _estack = 0x20005000
                0x00000000                _Min_Heap_Size = 0x0
                0x00000100                _Min_Stack_Size = 0x100

.isr_vector     0x08000000      0x10c
                0x08000000                . = ALIGN (0x4)
 *(.isr_vector)
 .isr_vector    0x08000000      0x10c build/startup_stm32f10x_md.o
                0x08000000                g_pfnVectors
                0x0800010c                . = ALIGN (0x4)

.eh_frame       0x0800010c        0x0
 .eh_frame      0x0800010c        0x0 e:/programdata/gnu arm embedded toolchain/bin/../lib/gcc/arm-none-eabi/10.3.1/thumb/v7-m/nofp/crtbegin.o

.text           0x08000110      0xff0
                0x08000110                . = ALIGN (0x4)
 *(.text)
 .text          0x08000110       0x40 e:/programdata/gnu arm embedded toolchain/bin/../lib/gcc/arm-none-eabi/10.3.1/thumb/v7-m/nofp/crtbegin.o
 *(.text*)
 .text.AppTaskCreate
                0x08000150       0x34 build/main.o
 .text.LED_Task
                0x08000184       0x10 build/main.o
 .text.System_Init
                0x08000194       0x10 build/main.o
                0x08000194                System_Init
 .text.main     0x080001a4       0x38 build/main.o
                0x080001a4                main
 .text.NMI_Handler
                0x080001dc        0x2 build/stm32f10x_it.o
                0x080001dc                NMI_Handler
 .text.HardFault_Handler
                0x080001de        0x2 build/stm32f10x_it.o
                0x080001de                HardFault_Handler
 .text.MemManage_Handler
                0x080001e0        0x2 build/stm32f10x_it.o
                0x080001e0                MemManage_Handler
 .text.BusFault_Handler
                0x080001e2        0x2 build/stm32f10x_it.o
                0x080001e2                BusFault_Handler
 .text.UsageFault_Handler
                0x080001e4        0x2 build/stm32f10x_it.o
                0x080001e4                UsageFault_Handler
 .text.DebugMon_Handler
                0x080001e6        0x2 build/stm32f10x_it.o
                0x080001e6                DebugMon_Handler
 .text.SysTick_Handler
                0x080001e8        0x8 build/stm32f10x_it.o
                0x080001e8                SysTick_Handler
 .text.SetSysClockTo72
                0x080001f0       0xc4 build/system_stm32f10x.o
 .text.SetSysClock
                0x080002b4        0x8 build/system_stm32f10x.o
 .text.SystemInit
                0x080002bc       0x50 build/system_stm32f10x.o
                0x080002bc                SystemInit
 .text.vListInitialise
                0x0800030c       0x16 build/list.o
                0x0800030c                vListInitialise
 .text.vListInitialiseItem
                0x08000322        0x6 build/list.o
                0x08000322                vListInitialiseItem
 .text.vListInsertEnd
                0x08000328       0x16 build/list.o
                0x08000328                vListInsertEnd
 .text.vListInsert
                0x0800033e       0x32 build/list.o
                0x0800033e                vListInsert
 .text.uxListRemove
                0x08000370       0x24 build/list.o
                0x08000370                uxListRemove
 .text.prvResetNextTaskUnblockTime
                0x08000394       0x2c build/tasks.o
 .text.prvDeleteTCB
                0x080003c0       0x12 build/tasks.o
 .text.prvInitialiseNewTask
                0x080003d2       0x94 build/tasks.o
 *fill*         0x08000466        0x2 
 .text.prvInitialiseTaskLists
                0x08000468       0x68 build/tasks.o
 .text.prvAddNewTaskToReadyList
                0x080004d0       0xa8 build/tasks.o
 .text.prvAddCurrentTaskToDelayedList
                0x08000578       0x98 build/tasks.o
 .text.xTaskCreate
                0x08000610       0x64 build/tasks.o
                0x08000610                xTaskCreate
 .text.vTaskDelete
                0x08000674       0xc4 build/tasks.o
                0x08000674                vTaskDelete
 .text.vTaskStartScheduler
                0x08000738       0x64 build/tasks.o
                0x08000738                vTaskStartScheduler
 .text.vTaskSuspendAll
                0x0800079c       0x10 build/tasks.o
                0x0800079c                vTaskSuspendAll
 .text.xTaskIncrementTick
                0x080007ac      0x100 build/tasks.o
                0x080007ac                xTaskIncrementTick
 .text.xTaskResumeAll
                0x080008ac       0xe0 build/tasks.o
                0x080008ac                xTaskResumeAll
 .text.vTaskDelay
                0x0800098c       0x32 build/tasks.o
                0x0800098c                vTaskDelay
 *fill*         0x080009be        0x2 
 .text.prvCheckTasksWaitingTermination
                0x080009c0       0x5c build/tasks.o
 .text.prvIdleTask
                0x08000a1c       0x28 build/tasks.o
 .text.vTaskSwitchContext
                0x08000a44       0x78 build/tasks.o
                0x08000a44                vTaskSwitchContext
 .text.prvTaskExitError
                0x08000abc       0x12 build/port.o
 *fill*         0x08000ace        0x2 
 .text.prvPortStartFirstTask
                0x08000ad0       0x20 build/port.o
 .text.pxPortInitialiseStack
                0x08000af0       0x24 build/port.o
                0x08000af0                pxPortInitialiseStack
 *fill*         0x08000b14        0xc 
 .text.SVC_Handler
                0x08000b20       0x24 build/port.o
                0x08000b20                SVC_Handler
 .text.vPortEnterCritical
                0x08000b44       0x20 build/port.o
                0x08000b44                vPortEnterCritical
 .text.vPortExitCritical
                0x08000b64       0x14 build/port.o
                0x08000b64                vPortExitCritical
 *fill*         0x08000b78        0x8 
 .text.PendSV_Handler
                0x08000b80       0x44 build/port.o
                0x08000b80                PendSV_Handler
 .text.xPortSysTickHandler
                0x08000bc4       0x2c build/port.o
                0x08000bc4                xPortSysTickHandler
 .text.vPortSetupTimerInterrupt
                0x08000bf0       0x14 build/port.o
                0x08000bf0                vPortSetupTimerInterrupt
 .text.xPortStartScheduler
                0x08000c04       0x34 build/port.o
                0x08000c04                xPortStartScheduler
 .text.LED_Init
                0x08000c38       0x40 build/led.o
                0x08000c38                LED_Init
 .text.LED_Toggle
                0x08000c78       0x1c build/led.o
                0x08000c78                LED_Toggle
 .text.prvHeapInit
                0x08000c94       0x64 build/heap_4.o
 .text.prvInsertBlockIntoFreeList
                0x08000cf8       0x60 build/heap_4.o
 .text.pvPortMalloc
                0x08000d58       0xc0 build/heap_4.o
                0x08000d58                pvPortMalloc
 .text.vPortFree
                0x08000e18       0x4c build/heap_4.o
                0x08000e18                vPortFree
 .text.NVIC_PriorityGroupConfig
                0x08000e64       0x14 build/misc.o
                0x08000e64                NVIC_PriorityGroupConfig
 .text.RCC_APB2PeriphClockCmd
                0x08000e78       0x1c build/stm32f10x_rcc.o
                0x08000e78                RCC_APB2PeriphClockCmd
 .text.GPIO_Init
                0x08000e94       0xb2 build/stm32f10x_gpio.o
                0x08000e94                GPIO_Init
 .text.GPIO_SetBits
                0x08000f46        0x4 build/stm32f10x_gpio.o
                0x08000f46                GPIO_SetBits
 *fill*         0x08000f4a        0x2 
 .text.Reset_Handler
                0x08000f4c       0x48 build/startup_stm32f10x_md.o
                0x08000f4c                Reset_Handler
 .text.Default_Handler
                0x08000f94        0x2 build/startup_stm32f10x_md.o
                0x08000f94                EXTI2_IRQHandler
                0x08000f94                TIM1_CC_IRQHandler
                0x08000f94                PVD_IRQHandler
                0x08000f94                EXTI3_IRQHandler
                0x08000f94                EXTI0_IRQHandler
                0x08000f94                I2C2_EV_IRQHandler
                0x08000f94                ADC1_2_IRQHandler
                0x08000f94                SPI1_IRQHandler
                0x08000f94                TAMPER_IRQHandler
                0x08000f94                DMA1_Channel4_IRQHandler
                0x08000f94                USART3_IRQHandler
                0x08000f94                RTC_IRQHandler
                0x08000f94                DMA1_Channel7_IRQHandler
                0x08000f94                CAN1_RX1_IRQHandler
                0x08000f94                TIM4_IRQHandler
                0x08000f94                I2C1_EV_IRQHandler
                0x08000f94                DMA1_Channel6_IRQHandler
                0x08000f94                TIM3_IRQHandler
                0x08000f94                RCC_IRQHandler
                0x08000f94                TIM1_TRG_COM_IRQHandler
                0x08000f94                DMA1_Channel1_IRQHandler
                0x08000f94                Default_Handler
                0x08000f94                EXTI15_10_IRQHandler
                0x08000f94                EXTI9_5_IRQHandler
                0x08000f94                SPI2_IRQHandler
                0x08000f94                DMA1_Channel5_IRQHandler
                0x08000f94                EXTI4_IRQHandler
                0x08000f94                USB_LP_CAN1_RX0_IRQHandler
                0x08000f94                USB_HP_CAN1_TX_IRQHandler
                0x08000f94                DMA1_Channel3_IRQHandler
                0x08000f94                TIM1_UP_IRQHandler
                0x08000f94                WWDG_IRQHandler
                0x08000f94                TIM2_IRQHandler
                0x08000f94                TIM1_BRK_IRQHandler
                0x08000f94                EXTI1_IRQHandler
                0x08000f94                RTCAlarm_IRQHandler
                0x08000f94                USART2_IRQHandler
                0x08000f94                I2C2_ER_IRQHandler
                0x08000f94                DMA1_Channel2_IRQHandler
                0x08000f94                CAN1_SCE_IRQHandler
                0x08000f94                FLASH_IRQHandler
                0x08000f94                USART1_IRQHandler
                0x08000f94                I2C1_ER_IRQHandler
                0x08000f94                USBWakeUp_IRQHandler
 *fill*         0x08000f96        0x2 
 .text.__libc_init_array
                0x08000f98       0x48 e:/programdata/gnu arm embedded toolchain/bin/../lib/gcc/arm-none-eabi/10.3.1/../../../../arm-none-eabi/lib/thumb/v7-m/nofp\libc.a(lib_a-init.o)
                0x08000f98                __libc_init_array
 .text.startup.register_fini
                0x08000fe0       0x14 e:/programdata/gnu arm embedded toolchain/bin/../lib/gcc/arm-none-eabi/10.3.1/../../../../arm-none-eabi/lib/thumb/v7-m/nofp\libc.a(lib_a-__call_atexit.o)
 .text.atexit   0x08000ff4        0xc e:/programdata/gnu arm embedded toolchain/bin/../lib/gcc/arm-none-eabi/10.3.1/../../../../arm-none-eabi/lib/thumb/v7-m/nofp\libc.a(lib_a-atexit.o)
                0x08000ff4                atexit
 .text.__libc_fini_array
                0x08001000       0x2c e:/programdata/gnu arm embedded toolchain/bin/../lib/gcc/arm-none-eabi/10.3.1/../../../../arm-none-eabi/lib/thumb/v7-m/nofp\libc.a(lib_a-fini.o)
                0x08001000                __libc_fini_array
 .text.__retarget_lock_acquire_recursive
                0x0800102c        0x4 e:/programdata/gnu arm embedded toolchain/bin/../lib/gcc/arm-none-eabi/10.3.1/../../../../arm-none-eabi/lib/thumb/v7-m/nofp\libc.a(lib_a-lock.o)
                0x0800102c                __retarget_lock_acquire_recursive
 .text.__retarget_lock_release_recursive
                0x08001030        0x4 e:/programdata/gnu arm embedded toolchain/bin/../lib/gcc/arm-none-eabi/10.3.1/../../../../arm-none-eabi/lib/thumb/v7-m/nofp\libc.a(lib_a-lock.o)
                0x08001030                __retarget_lock_release_recursive
 .text.__register_exitproc
                0x08001034       0x8c e:/programdata/gnu arm embedded toolchain/bin/../lib/gcc/arm-none-eabi/10.3.1/../../../../arm-none-eabi/lib/thumb/v7-m/nofp\libc.a(lib_a-__atexit.o)
                0x08001034                __register_exitproc
 *(.rodata)
 *(.rodata*)
 .rodata.AppTaskCreate.str1.4
                0x080010c0        0x9 build/main.o
 *fill*         0x080010c9        0x3 
 .rodata.main.str1.4
                0x080010cc        0xe build/main.o
 *fill*         0x080010da        0x2 
 .rodata.vTaskStartScheduler.str1.4
                0x080010dc        0x5 build/tasks.o
 *fill*         0x080010e1        0x3 
 .rodata._global_impure_ptr
                0x080010e4        0x4 e:/programdata/gnu arm embedded toolchain/bin/../lib/gcc/arm-none-eabi/10.3.1/../../../../arm-none-eabi/lib/thumb/v7-m/nofp\libc.a(lib_a-impure.o)
                0x080010e4                _global_impure_ptr
 *(.glue_7)
 .glue_7        0x080010e8        0x0 linker stubs
 *(.glue_7t)
 .glue_7t       0x080010e8        0x0 linker stubs
 *(.init)
 .init          0x080010e8        0x4 e:/programdata/gnu arm embedded toolchain/bin/../lib/gcc/arm-none-eabi/10.3.1/thumb/v7-m/nofp/crti.o
                0x080010e8                _init
 .init          0x080010ec        0x8 e:/programdata/gnu arm embedded toolchain/bin/../lib/gcc/arm-none-eabi/10.3.1/thumb/v7-m/nofp/crtn.o
 *(.fini)
 .fini          0x080010f4        0x4 e:/programdata/gnu arm embedded toolchain/bin/../lib/gcc/arm-none-eabi/10.3.1/thumb/v7-m/nofp/crti.o
                0x080010f4                _fini
 .fini          0x080010f8        0x8 e:/programdata/gnu arm embedded toolchain/bin/../lib/gcc/arm-none-eabi/10.3.1/thumb/v7-m/nofp/crtn.o
                0x08001100                . = ALIGN (0x4)
                0x08001100                _etext = .

.vfp11_veneer   0x08001100        0x0
 .vfp11_veneer  0x08001100        0x0 linker stubs

.v4_bx          0x08001100        0x0
 .v4_bx         0x08001100        0x0 linker stubs

.iplt           0x08001100        0x0
 .iplt          0x08001100        0x0 e:/programdata/gnu arm embedded toolchain/bin/../lib/gcc/arm-none-eabi/10.3.1/thumb/v7-m/nofp/crtbegin.o

.rel.dyn        0x08001100        0x0
 .rel.iplt      0x08001100        0x0 e:/programdata/gnu arm embedded toolchain/bin/../lib/gcc/arm-none-eabi/10.3.1/thumb/v7-m/nofp/crtbegin.o

.ARM.extab
 *(.ARM.extab* .gnu.linkonce.armextab.*)

.ARM            0x08001100        0x0
                0x08001100                __exidx_start = .
 *(.ARM.exidx*)
                0x08001100                __exidx_end = .

.ARM.attributes
                0x08001100       0x29
 *(.ARM.attributes)
 .ARM.attributes
                0x08001100       0x1d e:/programdata/gnu arm embedded toolchain/bin/../lib/gcc/arm-none-eabi/10.3.1/thumb/v7-m/nofp/crti.o
 .ARM.attributes
                0x0800111d       0x2d e:/programdata/gnu arm embedded toolchain/bin/../lib/gcc/arm-none-eabi/10.3.1/thumb/v7-m/nofp/crtbegin.o
 .ARM.attributes
                0x0800114a       0x2d build/main.o
 .ARM.attributes
                0x08001177       0x2d build/stm32f10x_it.o
 .ARM.attributes
                0x080011a4       0x2d build/system_stm32f10x.o
 .ARM.attributes
                0x080011d1       0x2d build/list.o
 .ARM.attributes
                0x080011fe       0x2d build/tasks.o
 .ARM.attributes
                0x0800122b       0x2d build/port.o
 .ARM.attributes
                0x08001258       0x2d build/led.o
 .ARM.attributes
                0x08001285       0x2d build/heap_4.o
 .ARM.attributes
                0x080012b2       0x2d build/misc.o
 .ARM.attributes
                0x080012df       0x2d build/stm32f10x_rcc.o
 .ARM.attributes
                0x0800130c       0x2d build/stm32f10x_gpio.o
 .ARM.attributes
                0x08001339       0x21 build/startup_stm32f10x_md.o
 .ARM.attributes
                0x0800135a       0x2d e:/programdata/gnu arm embedded toolchain/bin/../lib/gcc/arm-none-eabi/10.3.1/../../../../arm-none-eabi/lib/thumb/v7-m/nofp\libc.a(lib_a-impure.o)
 .ARM.attributes
                0x08001387       0x2d e:/programdata/gnu arm embedded toolchain/bin/../lib/gcc/arm-none-eabi/10.3.1/../../../../arm-none-eabi/lib/thumb/v7-m/nofp\libc.a(lib_a-init.o)
 .ARM.attributes
                0x080013b4       0x2d e:/programdata/gnu arm embedded toolchain/bin/../lib/gcc/arm-none-eabi/10.3.1/../../../../arm-none-eabi/lib/thumb/v7-m/nofp\libc.a(lib_a-__call_atexit.o)
 .ARM.attributes
                0x080013e1       0x2d e:/programdata/gnu arm embedded toolchain/bin/../lib/gcc/arm-none-eabi/10.3.1/../../../../arm-none-eabi/lib/thumb/v7-m/nofp\libc.a(lib_a-atexit.o)
 .ARM.attributes
                0x0800140e       0x2d e:/programdata/gnu arm embedded toolchain/bin/../lib/gcc/arm-none-eabi/10.3.1/../../../../arm-none-eabi/lib/thumb/v7-m/nofp\libc.a(lib_a-fini.o)
 .ARM.attributes
                0x0800143b       0x2d e:/programdata/gnu arm embedded toolchain/bin/../lib/gcc/arm-none-eabi/10.3.1/../../../../arm-none-eabi/lib/thumb/v7-m/nofp\libc.a(lib_a-lock.o)
 .ARM.attributes
                0x08001468       0x2d e:/programdata/gnu arm embedded toolchain/bin/../lib/gcc/arm-none-eabi/10.3.1/../../../../arm-none-eabi/lib/thumb/v7-m/nofp\libc.a(lib_a-__atexit.o)
 .ARM.attributes
                0x08001495       0x1d e:/programdata/gnu arm embedded toolchain/bin/../lib/gcc/arm-none-eabi/10.3.1/thumb/v7-m/nofp/crtn.o

.preinit_array  0x08001100        0x0
                0x08001100                PROVIDE (__preinit_array_start = .)
 *(.preinit_array*)
                0x08001100                PROVIDE (__preinit_array_end = .)

.init_array     0x08001100        0x8
                0x08001100                PROVIDE (__init_array_start = .)
 *(SORT_BY_NAME(.init_array.*))
 .init_array.00000
                0x08001100        0x4 e:/programdata/gnu arm embedded toolchain/bin/../lib/gcc/arm-none-eabi/10.3.1/../../../../arm-none-eabi/lib/thumb/v7-m/nofp\libc.a(lib_a-__call_atexit.o)
 *(.init_array*)
 .init_array    0x08001104        0x4 e:/programdata/gnu arm embedded toolchain/bin/../lib/gcc/arm-none-eabi/10.3.1/thumb/v7-m/nofp/crtbegin.o
                0x08001108                PROVIDE (__init_array_end = .)

.fini_array     0x08001108        0x4
                0x08001108                PROVIDE (__fini_array_start = .)
 *(.fini_array*)
 .fini_array    0x08001108        0x4 e:/programdata/gnu arm embedded toolchain/bin/../lib/gcc/arm-none-eabi/10.3.1/thumb/v7-m/nofp/crtbegin.o
 *(SORT_BY_NAME(.fini_array.*))
                0x0800110c                PROVIDE (__fini_array_end = .)
                0x0800110c                _sidata = .

.data           0x20000000      0x434 load address 0x0800110c
                0x20000000                . = ALIGN (0x4)
                0x20000000                _sdata = .
 *(.data)
 *(.data*)
 .data.uxCriticalNesting
                0x20000000        0x4 build/port.o
 *fill*         0x20000004        0x4 
 .data.impure_data
                0x20000008      0x428 e:/programdata/gnu arm embedded toolchain/bin/../lib/gcc/arm-none-eabi/10.3.1/../../../../arm-none-eabi/lib/thumb/v7-m/nofp\libc.a(lib_a-impure.o)
 .data.__atexit_recursive_mutex
                0x20000430        0x4 e:/programdata/gnu arm embedded toolchain/bin/../lib/gcc/arm-none-eabi/10.3.1/../../../../arm-none-eabi/lib/thumb/v7-m/nofp\libc.a(lib_a-__call_atexit.o)
                0x20000430                __atexit_recursive_mutex
                0x20000434                . = ALIGN (0x4)
                0x20000434                _edata = .

.igot.plt       0x20000434        0x0 load address 0x08001540
 .igot.plt      0x20000434        0x0 e:/programdata/gnu arm embedded toolchain/bin/../lib/gcc/arm-none-eabi/10.3.1/thumb/v7-m/nofp/crtbegin.o
                0x20000434                . = ALIGN (0x4)

.bss            0x20000434     0x293c load address 0x08001540
                0x20000434                _sbss = .
                0x20000434                __bss_start__ = _sbss
 *(.bss)
 .bss           0x20000434       0x1c e:/programdata/gnu arm embedded toolchain/bin/../lib/gcc/arm-none-eabi/10.3.1/thumb/v7-m/nofp/crtbegin.o
 *(.bss*)
 .bss.pxCurrentTCB
                0x20000450        0x4 build/tasks.o
                0x20000450                pxCurrentTCB
 .bss.pxDelayedTaskList
                0x20000454        0x4 build/tasks.o
 .bss.pxOverflowDelayedTaskList
                0x20000458        0x4 build/tasks.o
 .bss.pxReadyTasksLists
                0x2000045c       0x64 build/tasks.o
 .bss.uxCurrentNumberOfTasks
                0x200004c0        0x4 build/tasks.o
 .bss.uxDeletedTasksWaitingCleanUp
                0x200004c4        0x4 build/tasks.o
 .bss.uxPendedTicks
                0x200004c8        0x4 build/tasks.o
 .bss.uxSchedulerSuspended
                0x200004cc        0x4 build/tasks.o
 .bss.uxTaskNumber
                0x200004d0        0x4 build/tasks.o
 .bss.uxTopReadyPriority
                0x200004d4        0x4 build/tasks.o
 .bss.xDelayedTaskList1
                0x200004d8       0x14 build/tasks.o
 .bss.xDelayedTaskList2
                0x200004ec       0x14 build/tasks.o
 .bss.xIdleTaskHandle
                0x20000500        0x4 build/tasks.o
 .bss.xNextTaskUnblockTime
                0x20000504        0x4 build/tasks.o
 .bss.xNumOfOverflows
                0x20000508        0x4 build/tasks.o
 .bss.xPendingReadyList
                0x2000050c       0x14 build/tasks.o
 .bss.xSchedulerRunning
                0x20000520        0x4 build/tasks.o
 .bss.xSuspendedTaskList
                0x20000524       0x14 build/tasks.o
 .bss.xTasksWaitingTermination
                0x20000538       0x14 build/tasks.o
 .bss.xTickCount
                0x2000054c        0x4 build/tasks.o
 .bss.xYieldPending
                0x20000550        0x4 build/tasks.o
 .bss.pxEnd     0x20000554        0x4 build/heap_4.o
 .bss.ucHeap    0x20000558     0x2800 build/heap_4.o
 .bss.xBlockAllocatedBit
                0x20002d58        0x4 build/heap_4.o
 .bss.xFreeBytesRemaining
                0x20002d5c        0x4 build/heap_4.o
 .bss.xMinimumEverFreeBytesRemaining
                0x20002d60        0x4 build/heap_4.o
 .bss.xStart    0x20002d64        0x8 build/heap_4.o
 .bss.__lock___atexit_recursive_mutex
                0x20002d6c        0x1 e:/programdata/gnu arm embedded toolchain/bin/../lib/gcc/arm-none-eabi/10.3.1/../../../../arm-none-eabi/lib/thumb/v7-m/nofp\libc.a(lib_a-lock.o)
                0x20002d6c                __lock___atexit_recursive_mutex
 *(COMMON)
                0x20002d70                . = ALIGN (0x4)
 *fill*         0x20002d6d        0x3 
                0x20002d70                _ebss = .
                0x20002d70                __bss_end__ = _ebss
                [!provide]                PROVIDE (end = _ebss)
                [!provide]                PROVIDE (_end = _ebss)

._user_heap_stack
                0x20002d70      0x100 load address 0x08003e7c
                0x20002d70                . = ALIGN (0x4)
                0x20002d70                . = (. + _Min_Heap_Size)
                0x20002e70                . = (. + _Min_Stack_Size)
 *fill*         0x20002d70      0x100 
                0x20002e70                . = ALIGN (0x4)

.memory_b1_text
 *(.mb1text)
 *(.mb1text*)
 *(.mb1rodata)
 *(.mb1rodata*)

/DISCARD/
 libc.a(*)
 libm.a(*)
 libgcc.a(*)
OUTPUT(build/FreeRTOS.elf elf32-littlearm)
LOAD linker stubs
LOAD e:/programdata/gnu arm embedded toolchain/bin/../lib/gcc/arm-none-eabi/10.3.1/../../../../arm-none-eabi/lib/thumb/v7-m/nofp\libc.a
LOAD e:/programdata/gnu arm embedded toolchain/bin/../lib/gcc/arm-none-eabi/10.3.1/../../../../arm-none-eabi/lib/thumb/v7-m/nofp\libm.a
LOAD e:/programdata/gnu arm embedded toolchain/bin/../lib/gcc/arm-none-eabi/10.3.1/thumb/v7-m/nofp\libgcc.a

.debug_info     0x00000000     0x5199
 .debug_info    0x00000000      0x2eb build/main.o
 .debug_info    0x000002eb      0x149 build/stm32f10x_it.o
 .debug_info    0x00000434      0x500 build/system_stm32f10x.o
 .debug_info    0x00000934      0x304 build/list.o
 .debug_info    0x00000c38     0x21dd build/tasks.o
 .debug_info    0x00002e15      0x362 build/port.o
 .debug_info    0x00003177      0x2d3 build/led.o
 .debug_info    0x0000344a      0x3e5 build/heap_4.o
 .debug_info    0x0000382f      0x596 build/misc.o
 .debug_info    0x00003dc5      0xa23 build/stm32f10x_rcc.o
 .debug_info    0x000047e8      0x98f build/stm32f10x_gpio.o
 .debug_info    0x00005177       0x22 build/startup_stm32f10x_md.o

.debug_abbrev   0x00000000     0x13bc
 .debug_abbrev  0x00000000      0x122 build/main.o
 .debug_abbrev  0x00000122       0x9b build/stm32f10x_it.o
 .debug_abbrev  0x000001bd      0x1ba build/system_stm32f10x.o
 .debug_abbrev  0x00000377      0x11d build/list.o
 .debug_abbrev  0x00000494      0x38d build/tasks.o
 .debug_abbrev  0x00000821      0x225 build/port.o
 .debug_abbrev  0x00000a46      0x166 build/led.o
 .debug_abbrev  0x00000bac      0x207 build/heap_4.o
 .debug_abbrev  0x00000db3      0x178 build/misc.o
 .debug_abbrev  0x00000f2b      0x240 build/stm32f10x_rcc.o
 .debug_abbrev  0x0000116b      0x23f build/stm32f10x_gpio.o
 .debug_abbrev  0x000013aa       0x12 build/startup_stm32f10x_md.o

.debug_loc      0x00000000     0x34da
 .debug_loc     0x00000000      0x14c build/main.o
 .debug_loc     0x0000014c       0x20 build/stm32f10x_it.o
 .debug_loc     0x0000016c      0x177 build/system_stm32f10x.o
 .debug_loc     0x000002e3       0xe5 build/list.o
 .debug_loc     0x000003c8     0x1cf0 build/tasks.o
 .debug_loc     0x000020b8       0xfe build/port.o
 .debug_loc     0x000021b6       0x5d build/led.o
 .debug_loc     0x00002213      0x3c0 build/heap_4.o
 .debug_loc     0x000025d3      0x16b build/misc.o
 .debug_loc     0x0000273e      0x6c4 build/stm32f10x_rcc.o
 .debug_loc     0x00002e02      0x6d8 build/stm32f10x_gpio.o

.debug_aranges  0x00000000      0x5a0
 .debug_aranges
                0x00000000       0x38 build/main.o
 .debug_aranges
                0x00000038       0x50 build/stm32f10x_it.o
 .debug_aranges
                0x00000088       0x38 build/system_stm32f10x.o
 .debug_aranges
                0x000000c0       0x40 build/list.o
 .debug_aranges
                0x00000100      0x190 build/tasks.o
 .debug_aranges
                0x00000290       0x70 build/port.o
 .debug_aranges
                0x00000300       0x28 build/led.o
 .debug_aranges
                0x00000328       0x50 build/heap_4.o
 .debug_aranges
                0x00000378       0x40 build/misc.o
 .debug_aranges
                0x000003b8      0x118 build/stm32f10x_rcc.o
 .debug_aranges
                0x000004d0       0xa8 build/stm32f10x_gpio.o
 .debug_aranges
                0x00000578       0x28 build/startup_stm32f10x_md.o

.debug_ranges   0x00000000      0x5b8
 .debug_ranges  0x00000000       0x28 build/main.o
 .debug_ranges  0x00000028       0x40 build/stm32f10x_it.o
 .debug_ranges  0x00000068       0x28 build/system_stm32f10x.o
 .debug_ranges  0x00000090       0x30 build/list.o
 .debug_ranges  0x000000c0      0x250 build/tasks.o
 .debug_ranges  0x00000310       0x60 build/port.o
 .debug_ranges  0x00000370       0x18 build/led.o
 .debug_ranges  0x00000388       0x40 build/heap_4.o
 .debug_ranges  0x000003c8       0x30 build/misc.o
 .debug_ranges  0x000003f8      0x108 build/stm32f10x_rcc.o
 .debug_ranges  0x00000500       0x98 build/stm32f10x_gpio.o
 .debug_ranges  0x00000598       0x20 build/startup_stm32f10x_md.o

.debug_line     0x00000000     0x3efd
 .debug_line    0x00000000      0x21e build/main.o
 .debug_line    0x0000021e      0x109 build/stm32f10x_it.o
 .debug_line    0x00000327      0x3b0 build/system_stm32f10x.o
 .debug_line    0x000006d7      0x2e4 build/list.o
 .debug_line    0x000009bb     0x18ed build/tasks.o
 .debug_line    0x000022a8      0x333 build/port.o
 .debug_line    0x000025db      0x1c3 build/led.o
 .debug_line    0x0000279e      0x509 build/heap_4.o
 .debug_line    0x00002ca7      0x2a1 build/misc.o
 .debug_line    0x00002f48      0x86d build/stm32f10x_rcc.o
 .debug_line    0x000037b5      0x6bf build/stm32f10x_gpio.o
 .debug_line    0x00003e74       0x89 build/startup_stm32f10x_md.o

.debug_str      0x00000000     0x1c07
 .debug_str     0x00000000      0x205 build/main.o
                                0x25a (size before relaxing)
 .debug_str     0x00000205       0xa1 build/stm32f10x_it.o
                                0x1e1 (size before relaxing)
 .debug_str     0x000002a6      0x166 build/system_stm32f10x.o
                                0x2d3 (size before relaxing)
 .debug_str     0x0000040c      0x144 build/list.o
                                0x2a3 (size before relaxing)
 .debug_str     0x00000550      0xa93 build/tasks.o
                                0xda7 (size before relaxing)
 .debug_str     0x00000fe3       0x95 build/port.o
                                0x306 (size before relaxing)
 .debug_str     0x00001078      0x184 build/led.o
                                0x2ef (size before relaxing)
 .debug_str     0x000011fc      0x1bf build/heap_4.o
                                0x359 (size before relaxing)
 .debug_str     0x000013bb      0x1f5 build/misc.o
                                0x3c0 (size before relaxing)
 .debug_str     0x000015b0      0x3db build/stm32f10x_rcc.o
                                0x622 (size before relaxing)
 .debug_str     0x0000198b      0x241 build/stm32f10x_gpio.o
                                0x538 (size before relaxing)
 .debug_str     0x00001bcc       0x3b build/startup_stm32f10x_md.o
                                 0x57 (size before relaxing)

.comment        0x00000000       0x49
 .comment       0x00000000       0x49 build/main.o
                                 0x4a (size before relaxing)
 .comment       0x00000049       0x4a build/stm32f10x_it.o
 .comment       0x00000049       0x4a build/system_stm32f10x.o
 .comment       0x00000049       0x4a build/list.o
 .comment       0x00000049       0x4a build/tasks.o
 .comment       0x00000049       0x4a build/port.o
 .comment       0x00000049       0x4a build/led.o
 .comment       0x00000049       0x4a build/heap_4.o
 .comment       0x00000049       0x4a build/misc.o
 .comment       0x00000049       0x4a build/stm32f10x_rcc.o
 .comment       0x00000049       0x4a build/stm32f10x_gpio.o

.debug_frame    0x00000000      0xe10
 .debug_frame   0x00000000       0x80 build/main.o
 .debug_frame   0x00000080       0x88 build/stm32f10x_it.o
 .debug_frame   0x00000108       0x6c build/system_stm32f10x.o
 .debug_frame   0x00000174       0x70 build/list.o
 .debug_frame   0x000001e4      0x4c4 build/tasks.o
 .debug_frame   0x000006a8       0xd0 build/port.o
 .debug_frame   0x00000778       0x40 build/led.o
 .debug_frame   0x000007b8       0xb0 build/heap_4.o
 .debug_frame   0x00000868       0x60 build/misc.o
 .debug_frame   0x000008c8      0x228 build/stm32f10x_rcc.o
 .debug_frame   0x00000af0      0x160 build/stm32f10x_gpio.o
 .debug_frame   0x00000c50       0x2c e:/programdata/gnu arm embedded toolchain/bin/../lib/gcc/arm-none-eabi/10.3.1/../../../../arm-none-eabi/lib/thumb/v7-m/nofp\libc.a(lib_a-init.o)
 .debug_frame   0x00000c7c       0x5c e:/programdata/gnu arm embedded toolchain/bin/../lib/gcc/arm-none-eabi/10.3.1/../../../../arm-none-eabi/lib/thumb/v7-m/nofp\libc.a(lib_a-__call_atexit.o)
 .debug_frame   0x00000cd8       0x20 e:/programdata/gnu arm embedded toolchain/bin/../lib/gcc/arm-none-eabi/10.3.1/../../../../arm-none-eabi/lib/thumb/v7-m/nofp\libc.a(lib_a-atexit.o)
 .debug_frame   0x00000cf8       0x34 e:/programdata/gnu arm embedded toolchain/bin/../lib/gcc/arm-none-eabi/10.3.1/../../../../arm-none-eabi/lib/thumb/v7-m/nofp\libc.a(lib_a-fini.o)
 .debug_frame   0x00000d2c       0xb0 e:/programdata/gnu arm embedded toolchain/bin/../lib/gcc/arm-none-eabi/10.3.1/../../../../arm-none-eabi/lib/thumb/v7-m/nofp\libc.a(lib_a-lock.o)
 .debug_frame   0x00000ddc       0x34 e:/programdata/gnu arm embedded toolchain/bin/../lib/gcc/arm-none-eabi/10.3.1/../../../../arm-none-eabi/lib/thumb/v7-m/nofp\libc.a(lib_a-__atexit.o)

Cross Reference Table

Symbol                                            File
ADC1_2_IRQHandler                                 build/startup_stm32f10x_md.o
AHBPrescTable                                     build/system_stm32f10x.o
BusFault_Handler                                  build/stm32f10x_it.o
CAN1_RX1_IRQHandler                               build/startup_stm32f10x_md.o
CAN1_SCE_IRQHandler                               build/startup_stm32f10x_md.o
DMA1_Channel1_IRQHandler                          build/startup_stm32f10x_md.o
DMA1_Channel2_IRQHandler                          build/startup_stm32f10x_md.o
DMA1_Channel3_IRQHandler                          build/startup_stm32f10x_md.o
DMA1_Channel4_IRQHandler                          build/startup_stm32f10x_md.o
DMA1_Channel5_IRQHandler                          build/startup_stm32f10x_md.o
DMA1_Channel6_IRQHandler                          build/startup_stm32f10x_md.o
DMA1_Channel7_IRQHandler                          build/startup_stm32f10x_md.o
DebugMon_Handler                                  build/stm32f10x_it.o
Default_Handler                                   build/startup_stm32f10x_md.o
EXTI0_IRQHandler                                  build/startup_stm32f10x_md.o
EXTI15_10_IRQHandler                              build/startup_stm32f10x_md.o
EXTI1_IRQHandler                                  build/startup_stm32f10x_md.o
EXTI2_IRQHandler                                  build/startup_stm32f10x_md.o
EXTI3_IRQHandler                                  build/startup_stm32f10x_md.o
EXTI4_IRQHandler                                  build/startup_stm32f10x_md.o
EXTI9_5_IRQHandler                                build/startup_stm32f10x_md.o
FLASH_IRQHandler                                  build/startup_stm32f10x_md.o
GPIO_AFIODeInit                                   build/stm32f10x_gpio.o
GPIO_DeInit                                       build/stm32f10x_gpio.o
GPIO_ETH_MediaInterfaceConfig                     build/stm32f10x_gpio.o
GPIO_EXTILineConfig                               build/stm32f10x_gpio.o
GPIO_EventOutputCmd                               build/stm32f10x_gpio.o
GPIO_EventOutputConfig                            build/stm32f10x_gpio.o
GPIO_Init                                         build/stm32f10x_gpio.o
                                                  build/led.o
GPIO_PinLockConfig                                build/stm32f10x_gpio.o
GPIO_PinRemapConfig                               build/stm32f10x_gpio.o
GPIO_ReadInputData                                build/stm32f10x_gpio.o
GPIO_ReadInputDataBit                             build/stm32f10x_gpio.o
GPIO_ReadOutputData                               build/stm32f10x_gpio.o
GPIO_ReadOutputDataBit                            build/stm32f10x_gpio.o
GPIO_ResetBits                                    build/stm32f10x_gpio.o
GPIO_SetBits                                      build/stm32f10x_gpio.o
                                                  build/led.o
GPIO_StructInit                                   build/stm32f10x_gpio.o
GPIO_Write                                        build/stm32f10x_gpio.o
GPIO_WriteBit                                     build/stm32f10x_gpio.o
HardFault_Handler                                 build/stm32f10x_it.o
I2C1_ER_IRQHandler                                build/startup_stm32f10x_md.o
I2C1_EV_IRQHandler                                build/startup_stm32f10x_md.o
I2C2_ER_IRQHandler                                build/startup_stm32f10x_md.o
I2C2_EV_IRQHandler                                build/startup_stm32f10x_md.o
LED_Init                                          build/led.o
                                                  build/main.o
LED_Toggle                                        build/led.o
                                                  build/main.o
MemManage_Handler                                 build/stm32f10x_it.o
NMI_Handler                                       build/stm32f10x_it.o
NVIC_Init                                         build/misc.o
NVIC_PriorityGroupConfig                          build/misc.o
                                                  build/main.o
NVIC_SetVectorTable                               build/misc.o
NVIC_SystemLPConfig                               build/misc.o
PVD_IRQHandler                                    build/startup_stm32f10x_md.o
PendSV_Handler                                    build/port.o
RCC_ADCCLKConfig                                  build/stm32f10x_rcc.o
RCC_AHBPeriphClockCmd                             build/stm32f10x_rcc.o
RCC_APB1PeriphClockCmd                            build/stm32f10x_rcc.o
RCC_APB1PeriphResetCmd                            build/stm32f10x_rcc.o
RCC_APB2PeriphClockCmd                            build/stm32f10x_rcc.o
                                                  build/led.o
RCC_APB2PeriphResetCmd                            build/stm32f10x_rcc.o
                                                  build/stm32f10x_gpio.o
RCC_AdjustHSICalibrationValue                     build/stm32f10x_rcc.o
RCC_BackupResetCmd                                build/stm32f10x_rcc.o
RCC_ClearFlag                                     build/stm32f10x_rcc.o
RCC_ClearITPendingBit                             build/stm32f10x_rcc.o
RCC_ClockSecuritySystemCmd                        build/stm32f10x_rcc.o
RCC_DeInit                                        build/stm32f10x_rcc.o
RCC_GetClocksFreq                                 build/stm32f10x_rcc.o
RCC_GetFlagStatus                                 build/stm32f10x_rcc.o
RCC_GetITStatus                                   build/stm32f10x_rcc.o
RCC_GetSYSCLKSource                               build/stm32f10x_rcc.o
RCC_HCLKConfig                                    build/stm32f10x_rcc.o
RCC_HSEConfig                                     build/stm32f10x_rcc.o
RCC_HSICmd                                        build/stm32f10x_rcc.o
RCC_IRQHandler                                    build/startup_stm32f10x_md.o
RCC_ITConfig                                      build/stm32f10x_rcc.o
RCC_LSEConfig                                     build/stm32f10x_rcc.o
RCC_LSICmd                                        build/stm32f10x_rcc.o
RCC_MCOConfig                                     build/stm32f10x_rcc.o
RCC_PCLK1Config                                   build/stm32f10x_rcc.o
RCC_PCLK2Config                                   build/stm32f10x_rcc.o
RCC_PLLCmd                                        build/stm32f10x_rcc.o
RCC_PLLConfig                                     build/stm32f10x_rcc.o
RCC_RTCCLKCmd                                     build/stm32f10x_rcc.o
RCC_RTCCLKConfig                                  build/stm32f10x_rcc.o
RCC_SYSCLKConfig                                  build/stm32f10x_rcc.o
RCC_USBCLKConfig                                  build/stm32f10x_rcc.o
RCC_WaitForHSEStartUp                             build/stm32f10x_rcc.o
RTCAlarm_IRQHandler                               build/startup_stm32f10x_md.o
RTC_IRQHandler                                    build/startup_stm32f10x_md.o
Reset_Handler                                     build/startup_stm32f10x_md.o
SPI1_IRQHandler                                   build/startup_stm32f10x_md.o
SPI2_IRQHandler                                   build/startup_stm32f10x_md.o
SVC_Handler                                       build/port.o
SysTick_CLKSourceConfig                           build/misc.o
SysTick_Handler                                   build/stm32f10x_it.o
SystemCoreClock                                   build/system_stm32f10x.o
SystemCoreClockUpdate                             build/system_stm32f10x.o
SystemInit                                        build/system_stm32f10x.o
                                                  build/startup_stm32f10x_md.o
System_Init                                       build/main.o
TAMPER_IRQHandler                                 build/startup_stm32f10x_md.o
TIM1_BRK_IRQHandler                               build/startup_stm32f10x_md.o
TIM1_CC_IRQHandler                                build/startup_stm32f10x_md.o
TIM1_TRG_COM_IRQHandler                           build/startup_stm32f10x_md.o
TIM1_UP_IRQHandler                                build/startup_stm32f10x_md.o
TIM2_IRQHandler                                   build/startup_stm32f10x_md.o
TIM3_IRQHandler                                   build/startup_stm32f10x_md.o
TIM4_IRQHandler                                   build/startup_stm32f10x_md.o
USART1_IRQHandler                                 build/startup_stm32f10x_md.o
USART2_IRQHandler                                 build/startup_stm32f10x_md.o
USART3_IRQHandler                                 build/startup_stm32f10x_md.o
USBWakeUp_IRQHandler                              build/startup_stm32f10x_md.o
USB_HP_CAN1_TX_IRQHandler                         build/startup_stm32f10x_md.o
USB_LP_CAN1_RX0_IRQHandler                        build/startup_stm32f10x_md.o
UsageFault_Handler                                build/stm32f10x_it.o
WWDG_IRQHandler                                   build/startup_stm32f10x_md.o
__LDREXB                                          build/core_cm3.o
__LDREXH                                          build/core_cm3.o
__LDREXW                                          build/core_cm3.o
__RBIT                                            build/core_cm3.o
__REV                                             build/core_cm3.o
__REV16                                           build/core_cm3.o
__REVSH                                           build/core_cm3.o
__STREXB                                          build/core_cm3.o
__STREXH                                          build/core_cm3.o
__STREXW                                          build/core_cm3.o
__atexit_recursive_mutex                          e:/programdata/gnu arm embedded toolchain/bin/../lib/gcc/arm-none-eabi/10.3.1/../../../../arm-none-eabi/lib/thumb/v7-m/nofp\libc.a(lib_a-__call_atexit.o)
                                                  e:/programdata/gnu arm embedded toolchain/bin/../lib/gcc/arm-none-eabi/10.3.1/../../../../arm-none-eabi/lib/thumb/v7-m/nofp\libc.a(lib_a-__atexit.o)
__bss_end__                                       e:/programdata/gnu arm embedded toolchain/bin/../lib/gcc/arm-none-eabi/10.3.1/../../../../arm-none-eabi/lib/thumb/v7-m/nofp/crt0.o
__bss_start__                                     e:/programdata/gnu arm embedded toolchain/bin/../lib/gcc/arm-none-eabi/10.3.1/../../../../arm-none-eabi/lib/thumb/v7-m/nofp/crt0.o
__call_exitprocs                                  e:/programdata/gnu arm embedded toolchain/bin/../lib/gcc/arm-none-eabi/10.3.1/../../../../arm-none-eabi/lib/thumb/v7-m/nofp\libc.a(lib_a-__call_atexit.o)
                                                  e:/programdata/gnu arm embedded toolchain/bin/../lib/gcc/arm-none-eabi/10.3.1/../../../../arm-none-eabi/lib/thumb/v7-m/nofp\libc.a(lib_a-exit.o)
__deregister_frame_info                           e:/programdata/gnu arm embedded toolchain/bin/../lib/gcc/arm-none-eabi/10.3.1/thumb/v7-m/nofp/crtbegin.o
__dso_handle                                      e:/programdata/gnu arm embedded toolchain/bin/../lib/gcc/arm-none-eabi/10.3.1/thumb/v7-m/nofp/crtbegin.o
__fini_array_end                                  e:/programdata/gnu arm embedded toolchain/bin/../lib/gcc/arm-none-eabi/10.3.1/../../../../arm-none-eabi/lib/thumb/v7-m/nofp\libc.a(lib_a-fini.o)
__fini_array_start                                e:/programdata/gnu arm embedded toolchain/bin/../lib/gcc/arm-none-eabi/10.3.1/../../../../arm-none-eabi/lib/thumb/v7-m/nofp\libc.a(lib_a-fini.o)
__get_BASEPRI                                     build/core_cm3.o
__get_CONTROL                                     build/core_cm3.o
__get_FAULTMASK                                   build/core_cm3.o
__get_MSP                                         build/core_cm3.o
__get_PRIMASK                                     build/core_cm3.o
__get_PSP                                         build/core_cm3.o
__init_array_end                                  e:/programdata/gnu arm embedded toolchain/bin/../lib/gcc/arm-none-eabi/10.3.1/../../../../arm-none-eabi/lib/thumb/v7-m/nofp\libc.a(lib_a-init.o)
__init_array_start                                e:/programdata/gnu arm embedded toolchain/bin/../lib/gcc/arm-none-eabi/10.3.1/../../../../arm-none-eabi/lib/thumb/v7-m/nofp\libc.a(lib_a-init.o)
__libc_fini                                       e:/programdata/gnu arm embedded toolchain/bin/../lib/gcc/arm-none-eabi/10.3.1/../../../../arm-none-eabi/lib/thumb/v7-m/nofp\libc.a(lib_a-__call_atexit.o)
__libc_fini_array                                 e:/programdata/gnu arm embedded toolchain/bin/../lib/gcc/arm-none-eabi/10.3.1/../../../../arm-none-eabi/lib/thumb/v7-m/nofp\libc.a(lib_a-fini.o)
                                                  e:/programdata/gnu arm embedded toolchain/bin/../lib/gcc/arm-none-eabi/10.3.1/../../../../arm-none-eabi/lib/thumb/v7-m/nofp\libc.a(lib_a-__call_atexit.o)
                                                  e:/programdata/gnu arm embedded toolchain/bin/../lib/gcc/arm-none-eabi/10.3.1/../../../../arm-none-eabi/lib/thumb/v7-m/nofp/crt0.o
__libc_init_array                                 e:/programdata/gnu arm embedded toolchain/bin/../lib/gcc/arm-none-eabi/10.3.1/../../../../arm-none-eabi/lib/thumb/v7-m/nofp\libc.a(lib_a-init.o)
                                                  build/startup_stm32f10x_md.o
                                                  e:/programdata/gnu arm embedded toolchain/bin/../lib/gcc/arm-none-eabi/10.3.1/../../../../arm-none-eabi/lib/thumb/v7-m/nofp/crt0.o
__lock___arc4random_mutex                         e:/programdata/gnu arm embedded toolchain/bin/../lib/gcc/arm-none-eabi/10.3.1/../../../../arm-none-eabi/lib/thumb/v7-m/nofp\libc.a(lib_a-lock.o)
__lock___at_quick_exit_mutex                      e:/programdata/gnu arm embedded toolchain/bin/../lib/gcc/arm-none-eabi/10.3.1/../../../../arm-none-eabi/lib/thumb/v7-m/nofp\libc.a(lib_a-lock.o)
__lock___atexit_recursive_mutex                   e:/programdata/gnu arm embedded toolchain/bin/../lib/gcc/arm-none-eabi/10.3.1/../../../../arm-none-eabi/lib/thumb/v7-m/nofp\libc.a(lib_a-lock.o)
                                                  e:/programdata/gnu arm embedded toolchain/bin/../lib/gcc/arm-none-eabi/10.3.1/../../../../arm-none-eabi/lib/thumb/v7-m/nofp\libc.a(lib_a-__call_atexit.o)
__lock___dd_hash_mutex                            e:/programdata/gnu arm embedded toolchain/bin/../lib/gcc/arm-none-eabi/10.3.1/../../../../arm-none-eabi/lib/thumb/v7-m/nofp\libc.a(lib_a-lock.o)
__lock___env_recursive_mutex                      e:/programdata/gnu arm embedded toolchain/bin/../lib/gcc/arm-none-eabi/10.3.1/../../../../arm-none-eabi/lib/thumb/v7-m/nofp\libc.a(lib_a-lock.o)
__lock___malloc_recursive_mutex                   e:/programdata/gnu arm embedded toolchain/bin/../lib/gcc/arm-none-eabi/10.3.1/../../../../arm-none-eabi/lib/thumb/v7-m/nofp\libc.a(lib_a-lock.o)
__lock___sfp_recursive_mutex                      e:/programdata/gnu arm embedded toolchain/bin/../lib/gcc/arm-none-eabi/10.3.1/../../../../arm-none-eabi/lib/thumb/v7-m/nofp\libc.a(lib_a-lock.o)
__lock___sinit_recursive_mutex                    e:/programdata/gnu arm embedded toolchain/bin/../lib/gcc/arm-none-eabi/10.3.1/../../../../arm-none-eabi/lib/thumb/v7-m/nofp\libc.a(lib_a-lock.o)
__lock___tz_mutex                                 e:/programdata/gnu arm embedded toolchain/bin/../lib/gcc/arm-none-eabi/10.3.1/../../../../arm-none-eabi/lib/thumb/v7-m/nofp\libc.a(lib_a-lock.o)
__preinit_array_end                               e:/programdata/gnu arm embedded toolchain/bin/../lib/gcc/arm-none-eabi/10.3.1/../../../../arm-none-eabi/lib/thumb/v7-m/nofp\libc.a(lib_a-init.o)
__preinit_array_start                             e:/programdata/gnu arm embedded toolchain/bin/../lib/gcc/arm-none-eabi/10.3.1/../../../../arm-none-eabi/lib/thumb/v7-m/nofp\libc.a(lib_a-init.o)
__register_exitproc                               e:/programdata/gnu arm embedded toolchain/bin/../lib/gcc/arm-none-eabi/10.3.1/../../../../arm-none-eabi/lib/thumb/v7-m/nofp\libc.a(lib_a-__atexit.o)
                                                  e:/programdata/gnu arm embedded toolchain/bin/../lib/gcc/arm-none-eabi/10.3.1/../../../../arm-none-eabi/lib/thumb/v7-m/nofp\libc.a(lib_a-atexit.o)
__register_frame_info                             e:/programdata/gnu arm embedded toolchain/bin/../lib/gcc/arm-none-eabi/10.3.1/thumb/v7-m/nofp/crtbegin.o
__retarget_lock_acquire                           e:/programdata/gnu arm embedded toolchain/bin/../lib/gcc/arm-none-eabi/10.3.1/../../../../arm-none-eabi/lib/thumb/v7-m/nofp\libc.a(lib_a-lock.o)
__retarget_lock_acquire_recursive                 e:/programdata/gnu arm embedded toolchain/bin/../lib/gcc/arm-none-eabi/10.3.1/../../../../arm-none-eabi/lib/thumb/v7-m/nofp\libc.a(lib_a-lock.o)
                                                  e:/programdata/gnu arm embedded toolchain/bin/../lib/gcc/arm-none-eabi/10.3.1/../../../../arm-none-eabi/lib/thumb/v7-m/nofp\libc.a(lib_a-__atexit.o)
                                                  e:/programdata/gnu arm embedded toolchain/bin/../lib/gcc/arm-none-eabi/10.3.1/../../../../arm-none-eabi/lib/thumb/v7-m/nofp\libc.a(lib_a-__call_atexit.o)
__retarget_lock_close                             e:/programdata/gnu arm embedded toolchain/bin/../lib/gcc/arm-none-eabi/10.3.1/../../../../arm-none-eabi/lib/thumb/v7-m/nofp\libc.a(lib_a-lock.o)
__retarget_lock_close_recursive                   e:/programdata/gnu arm embedded toolchain/bin/../lib/gcc/arm-none-eabi/10.3.1/../../../../arm-none-eabi/lib/thumb/v7-m/nofp\libc.a(lib_a-lock.o)
__retarget_lock_init                              e:/programdata/gnu arm embedded toolchain/bin/../lib/gcc/arm-none-eabi/10.3.1/../../../../arm-none-eabi/lib/thumb/v7-m/nofp\libc.a(lib_a-lock.o)
__retarget_lock_init_recursive                    e:/programdata/gnu arm embedded toolchain/bin/../lib/gcc/arm-none-eabi/10.3.1/../../../../arm-none-eabi/lib/thumb/v7-m/nofp\libc.a(lib_a-lock.o)
__retarget_lock_release                           e:/programdata/gnu arm embedded toolchain/bin/../lib/gcc/arm-none-eabi/10.3.1/../../../../arm-none-eabi/lib/thumb/v7-m/nofp\libc.a(lib_a-lock.o)
__retarget_lock_release_recursive                 e:/programdata/gnu arm embedded toolchain/bin/../lib/gcc/arm-none-eabi/10.3.1/../../../../arm-none-eabi/lib/thumb/v7-m/nofp\libc.a(lib_a-lock.o)
                                                  e:/programdata/gnu arm embedded toolchain/bin/../lib/gcc/arm-none-eabi/10.3.1/../../../../arm-none-eabi/lib/thumb/v7-m/nofp\libc.a(lib_a-__atexit.o)
                                                  e:/programdata/gnu arm embedded toolchain/bin/../lib/gcc/arm-none-eabi/10.3.1/../../../../arm-none-eabi/lib/thumb/v7-m/nofp\libc.a(lib_a-__call_atexit.o)
__retarget_lock_try_acquire                       e:/programdata/gnu arm embedded toolchain/bin/../lib/gcc/arm-none-eabi/10.3.1/../../../../arm-none-eabi/lib/thumb/v7-m/nofp\libc.a(lib_a-lock.o)
__retarget_lock_try_acquire_recursive             e:/programdata/gnu arm embedded toolchain/bin/../lib/gcc/arm-none-eabi/10.3.1/../../../../arm-none-eabi/lib/thumb/v7-m/nofp\libc.a(lib_a-lock.o)
__set_BASEPRI                                     build/core_cm3.o
__set_CONTROL                                     build/core_cm3.o
__set_FAULTMASK                                   build/core_cm3.o
__set_MSP                                         build/core_cm3.o
__set_PRIMASK                                     build/core_cm3.o
__set_PSP                                         build/core_cm3.o
__stack                                           e:/programdata/gnu arm embedded toolchain/bin/../lib/gcc/arm-none-eabi/10.3.1/../../../../arm-none-eabi/lib/thumb/v7-m/nofp/crt0.o
_ebss                                             build/startup_stm32f10x_md.o
_edata                                            build/startup_stm32f10x_md.o
_estack                                           build/startup_stm32f10x_md.o
_exit                                             e:/programdata/gnu arm embedded toolchain/bin/../lib/gcc/arm-none-eabi/10.3.1/../../../../arm-none-eabi/lib/thumb/v7-m/nofp\libc.a(lib_a-exit.o)
_fini                                             e:/programdata/gnu arm embedded toolchain/bin/../lib/gcc/arm-none-eabi/10.3.1/thumb/v7-m/nofp/crti.o
                                                  e:/programdata/gnu arm embedded toolchain/bin/../lib/gcc/arm-none-eabi/10.3.1/../../../../arm-none-eabi/lib/thumb/v7-m/nofp\libc.a(lib_a-fini.o)
_global_impure_ptr                                e:/programdata/gnu arm embedded toolchain/bin/../lib/gcc/arm-none-eabi/10.3.1/../../../../arm-none-eabi/lib/thumb/v7-m/nofp\libc.a(lib_a-impure.o)
                                                  e:/programdata/gnu arm embedded toolchain/bin/../lib/gcc/arm-none-eabi/10.3.1/../../../../arm-none-eabi/lib/thumb/v7-m/nofp\libc.a(lib_a-__atexit.o)
                                                  e:/programdata/gnu arm embedded toolchain/bin/../lib/gcc/arm-none-eabi/10.3.1/../../../../arm-none-eabi/lib/thumb/v7-m/nofp\libc.a(lib_a-__call_atexit.o)
                                                  e:/programdata/gnu arm embedded toolchain/bin/../lib/gcc/arm-none-eabi/10.3.1/../../../../arm-none-eabi/lib/thumb/v7-m/nofp\libc.a(lib_a-exit.o)
_impure_ptr                                       e:/programdata/gnu arm embedded toolchain/bin/../lib/gcc/arm-none-eabi/10.3.1/../../../../arm-none-eabi/lib/thumb/v7-m/nofp\libc.a(lib_a-impure.o)
_init                                             e:/programdata/gnu arm embedded toolchain/bin/../lib/gcc/arm-none-eabi/10.3.1/thumb/v7-m/nofp/crti.o
                                                  e:/programdata/gnu arm embedded toolchain/bin/../lib/gcc/arm-none-eabi/10.3.1/../../../../arm-none-eabi/lib/thumb/v7-m/nofp\libc.a(lib_a-init.o)
_mainCRTStartup                                   e:/programdata/gnu arm embedded toolchain/bin/../lib/gcc/arm-none-eabi/10.3.1/../../../../arm-none-eabi/lib/thumb/v7-m/nofp/crt0.o
_sbss                                             build/startup_stm32f10x_md.o
_sdata                                            build/startup_stm32f10x_md.o
_sidata                                           build/startup_stm32f10x_md.o
_stack_init                                       e:/programdata/gnu arm embedded toolchain/bin/../lib/gcc/arm-none-eabi/10.3.1/../../../../arm-none-eabi/lib/thumb/v7-m/nofp/crt0.o
_start                                            e:/programdata/gnu arm embedded toolchain/bin/../lib/gcc/arm-none-eabi/10.3.1/../../../../arm-none-eabi/lib/thumb/v7-m/nofp/crt0.o
atexit                                            e:/programdata/gnu arm embedded toolchain/bin/../lib/gcc/arm-none-eabi/10.3.1/../../../../arm-none-eabi/lib/thumb/v7-m/nofp\libc.a(lib_a-atexit.o)
                                                  e:/programdata/gnu arm embedded toolchain/bin/../lib/gcc/arm-none-eabi/10.3.1/../../../../arm-none-eabi/lib/thumb/v7-m/nofp\libc.a(lib_a-__call_atexit.o)
                                                  e:/programdata/gnu arm embedded toolchain/bin/../lib/gcc/arm-none-eabi/10.3.1/../../../../arm-none-eabi/lib/thumb/v7-m/nofp/crt0.o
exit                                              e:/programdata/gnu arm embedded toolchain/bin/../lib/gcc/arm-none-eabi/10.3.1/../../../../arm-none-eabi/lib/thumb/v7-m/nofp\libc.a(lib_a-exit.o)
                                                  e:/programdata/gnu arm embedded toolchain/bin/../lib/gcc/arm-none-eabi/10.3.1/../../../../arm-none-eabi/lib/thumb/v7-m/nofp/crt0.o
g_pfnVectors                                      build/startup_stm32f10x_md.o
hardware_init_hook                                e:/programdata/gnu arm embedded toolchain/bin/../lib/gcc/arm-none-eabi/10.3.1/../../../../arm-none-eabi/lib/thumb/v7-m/nofp/crt0.o
main                                              build/main.o
                                                  build/startup_stm32f10x_md.o
                                                  e:/programdata/gnu arm embedded toolchain/bin/../lib/gcc/arm-none-eabi/10.3.1/../../../../arm-none-eabi/lib/thumb/v7-m/nofp/crt0.o
memcpy                                            e:/programdata/gnu arm embedded toolchain/bin/../lib/gcc/arm-none-eabi/10.3.1/../../../../arm-none-eabi/lib/thumb/v7-m/nofp\libc.a(lib_a-memcpy.o)
                                                  build/queue.o
memset                                            e:/programdata/gnu arm embedded toolchain/bin/../lib/gcc/arm-none-eabi/10.3.1/../../../../arm-none-eabi/lib/thumb/v7-m/nofp\libc.a(lib_a-memset.o)
                                                  e:/programdata/gnu arm embedded toolchain/bin/../lib/gcc/arm-none-eabi/10.3.1/../../../../arm-none-eabi/lib/thumb/v7-m/nofp/crt0.o
pcTaskGetName                                     build/tasks.o
pvPortMalloc                                      build/heap_4.o
                                                  build/tasks.o
                                                  build/queue.o
                                                  build/event_groups.o
pvTaskIncrementMutexHeldCount                     build/tasks.o
                                                  build/queue.o
pxCurrentTCB                                      build/tasks.o
                                                  build/port.o
pxPortInitialiseStack                             build/port.o
                                                  build/tasks.o
software_init_hook                                e:/programdata/gnu arm embedded toolchain/bin/../lib/gcc/arm-none-eabi/10.3.1/../../../../arm-none-eabi/lib/thumb/v7-m/nofp/crt0.o
ulTaskNotifyTake                                  build/tasks.o
uxListRemove                                      build/list.o
                                                  build/tasks.o
uxQueueMessagesWaiting                            build/queue.o
uxQueueMessagesWaitingFromISR                     build/queue.o
uxQueueSpacesAvailable                            build/queue.o
uxTaskGetNumberOfTasks                            build/tasks.o
uxTaskPriorityGet                                 build/tasks.o
uxTaskPriorityGetFromISR                          build/tasks.o
uxTaskResetEventItemValue                         build/tasks.o
                                                  build/event_groups.o
vEventGroupClearBitsCallback                      build/event_groups.o
vEventGroupDelete                                 build/event_groups.o
vEventGroupSetBitsCallback                        build/event_groups.o
vListInitialise                                   build/list.o
                                                  build/tasks.o
                                                  build/queue.o
                                                  build/event_groups.o
vListInitialiseItem                               build/list.o
                                                  build/tasks.o
vListInsert                                       build/list.o
                                                  build/tasks.o
vListInsertEnd                                    build/list.o
                                                  build/tasks.o
vPortEndScheduler                                 build/port.o
                                                  build/tasks.o
vPortEnterCritical                                build/port.o
                                                  build/tasks.o
                                                  build/queue.o
                                                  build/event_groups.o
                                                  build/main.o
vPortExitCritical                                 build/port.o
                                                  build/tasks.o
                                                  build/queue.o
                                                  build/event_groups.o
                                                  build/main.o
vPortFree                                         build/heap_4.o
                                                  build/tasks.o
                                                  build/queue.o
                                                  build/event_groups.o
vPortInitialiseBlocks                             build/heap_4.o
vPortSetupTimerInterrupt                          build/port.o
vQueueDelete                                      build/queue.o
vTaskDelay                                        build/tasks.o
                                                  build/main.o
vTaskDelayUntil                                   build/tasks.o
vTaskDelete                                       build/tasks.o
                                                  build/main.o
vTaskEndScheduler                                 build/tasks.o
vTaskMissedYield                                  build/tasks.o
                                                  build/queue.o
vTaskNotifyGiveFromISR                            build/tasks.o
vTaskPlaceOnEventList                             build/tasks.o
                                                  build/queue.o
vTaskPlaceOnUnorderedEventList                    build/tasks.o
                                                  build/event_groups.o
vTaskPriorityInherit                              build/tasks.o
                                                  build/queue.o
vTaskPrioritySet                                  build/tasks.o
vTaskResume                                       build/tasks.o
vTaskSetTimeOutState                              build/tasks.o
                                                  build/queue.o
vTaskStartScheduler                               build/tasks.o
                                                  build/main.o
vTaskSuspend                                      build/tasks.o
vTaskSuspendAll                                   build/tasks.o
                                                  build/heap_4.o
                                                  build/queue.o
                                                  build/event_groups.o
vTaskSwitchContext                                build/tasks.o
                                                  build/port.o
xEventGroupClearBits                              build/event_groups.o
xEventGroupCreate                                 build/event_groups.o
xEventGroupGetBitsFromISR                         build/event_groups.o
xEventGroupSetBits                                build/event_groups.o
xEventGroupSync                                   build/event_groups.o
xEventGroupWaitBits                               build/event_groups.o
xPortGetFreeHeapSize                              build/heap_4.o
xPortGetMinimumEverFreeHeapSize                   build/heap_4.o
xPortStartScheduler                               build/port.o
                                                  build/tasks.o
xPortSysTickHandler                               build/port.o
                                                  build/stm32f10x_it.o
xQueueCreateMutex                                 build/queue.o
xQueueGenericCreate                               build/queue.o
xQueueGenericReceive                              build/queue.o
xQueueGenericReset                                build/queue.o
xQueueGenericSend                                 build/queue.o
xQueueGenericSendFromISR                          build/queue.o
xQueueGiveFromISR                                 build/queue.o
xQueueIsQueueEmptyFromISR                         build/queue.o
xQueueIsQueueFullFromISR                          build/queue.o
xQueuePeekFromISR                                 build/queue.o
xQueueReceiveFromISR                              build/queue.o
xTaskCheckForTimeOut                              build/tasks.o
                                                  build/queue.o
xTaskCreate                                       build/tasks.o
                                                  build/main.o
xTaskGenericNotify                                build/tasks.o
xTaskGenericNotifyFromISR                         build/tasks.o
xTaskGetCurrentTaskHandle                         build/tasks.o
xTaskGetTickCount                                 build/tasks.o
xTaskGetTickCountFromISR                          build/tasks.o
xTaskIncrementTick                                build/tasks.o
                                                  build/port.o
xTaskNotifyStateClear                             build/tasks.o
xTaskNotifyWait                                   build/tasks.o
xTaskPriorityDisinherit                           build/tasks.o
                                                  build/queue.o
xTaskRemoveFromEventList                          build/tasks.o
                                                  build/queue.o
xTaskRemoveFromUnorderedEventList                 build/tasks.o
                                                  build/event_groups.o
xTaskResumeAll                                    build/tasks.o
                                                  build/heap_4.o
                                                  build/queue.o
                                                  build/event_groups.o
xTaskResumeFromISR                                build/tasks.o
